<?xml version="1.0" encoding="UTF-8"?>
<Map>
	<Camera>
		<Position>
			<x>101.193451</x>
			<y>3.525135</y>
			<z>115.585678</z>
		</Position>
		<Pitch>1.399986</Pitch>
		<Yaw>197.399979</Yaw>
	</Camera>
	<SkyBox>
		<DayTextures>
			<RightTexture>Data/Skybox/Calm/left.jpg</RightTexture>
			<LeftTexture>Data/Skybox/Calm/right.jpg</LeftTexture>
			<TopTexture>Data/Skybox/Calm/top.jpg</TopTexture>
			<BottomTexture>Data/Skybox/Calm/bottom.jpg</BottomTexture>
			<BackTexture>Data/Skybox/Calm/front.jpg</BackTexture>
			<FrontTexture>Data/Skybox/Calm/back.jpg</FrontTexture>
		</DayTextures>
		<NightTextures>
			<RightTexture>Data/Skybox/Calm/left.jpg</RightTexture>
			<LeftTexture>Data/Skybox/Calm/right.jpg</LeftTexture>
			<TopTexture>Data/Skybox/Calm/top.jpg</TopTexture>
			<BottomTexture>Data/Skybox/Calm/bottom.jpg</BottomTexture>
			<BackTexture>Data/Skybox/Calm/front.jpg</BackTexture>
			<FrontTexture>Data/Skybox/Calm/back.jpg</FrontTexture>
		</NightTextures>
	</SkyBox>
	<Light>
		<Type>2</Type>
		<Position>
			<x>100.000000</x>
			<y>10.000000</y>
			<z>120.000000</z>
		</Position>
		<Color>
			<x>40.000000</x>
			<y>20.784313</y>
			<z>0.700000</z>
		</Color>
		<Attenuation>
			<x>1.000000</x>
			<y>0.010000</y>
			<z>0.200000</z>
		</Attenuation>
		<CutOff>0.000000</CutOff>
	</Light>
	<Entity>
		<File>Data/Meshes/Barrel/barrel.obj</File>
		<Name>barrel.obj</Name>
		<ChildrenCulling >1</ChildrenCulling >
		<Position>
			<x>97.278000</x>
			<y>0.166000</y>
			<z>107.641998</z>
		</Position>
		<AttachYOffset>0.000000</AttachYOffset>
		<Rotation>
			<x>0.000000</x>
			<y>0.000000</y>
			<z>0.000000</z>
		</Rotation>
		<Scale>
			<x>1.000000</x>
			<y>1.000000</y>
			<z>1.000000</z>
		</Scale>
		<NormalizedSize>
			<x>0.000000</x>
			<y>1.500000</y>
			<z>0.000000</z>
		</NormalizedSize>
		<ColiderType>2</ColiderType>
		<Global>0</Global>
	</Entity>
	<Entity>
		<File>Data/Meshes/Barrel/barrel.obj</File>
		<Name>barrel.obj</Name>
		<ChildrenCulling >1</ChildrenCulling >
		<Position>
			<x>96.170998</x>
			<y>0.197000</y>
			<z>108.200996</z>
		</Position>
		<AttachYOffset>0.000000</AttachYOffset>
		<Rotation>
			<x>0.000000</x>
			<y>0.000000</y>
			<z>0.000000</z>
		</Rotation>
		<Scale>
			<x>1.000000</x>
			<y>1.000000</y>
			<z>1.000000</z>
		</Scale>
		<NormalizedSize>
			<x>0.000000</x>
			<y>1.500000</y>
			<z>0.000000</z>
		</NormalizedSize>
		<ColiderType>2</ColiderType>
		<Global>0</Global>
	</Entity>
	<Entity>
		<File>Data/Meshes/Barrel/barrel.obj</File>
		<Name>barrel.obj</Name>
		<ChildrenCulling >1</ChildrenCulling >
		<Position>
			<x>96.180000</x>
			<y>0.147000</y>
			<z>107.000000</z>
		</Position>
		<AttachYOffset>0.000000</AttachYOffset>
		<Rotation>
			<x>0.000000</x>
			<y>0.000000</y>
			<z>0.000000</z>
		</Rotation>
		<Scale>
			<x>1.000000</x>
			<y>1.000000</y>
			<z>1.000000</z>
		</Scale>
		<NormalizedSize>
			<x>0.000000</x>
			<y>1.500000</y>
			<z>0.000000</z>
		</NormalizedSize>
		<ColiderType>2</ColiderType>
		<Global>0</Global>
	</Entity>
	<Entity>
		<File>Data/Meshes/smallHouse3/smallHouse3.obj</File>
		<Name>smallHouse3.obj</Name>
		<ChildrenCulling >1</ChildrenCulling >
		<Position>
			<x>85.664001</x>
			<y>0.803000</y>
			<z>105.049004</z>
		</Position>
		<AttachYOffset>0.500000</AttachYOffset>
		<Rotation>
			<x>0.000000</x>
			<y>-70.000000</y>
			<z>0.000000</z>
		</Rotation>
		<Scale>
			<x>1.000000</x>
			<y>1.000000</y>
			<z>1.000000</z>
		</Scale>
		<NormalizedSize>
			<x>0.000000</x>
			<y>5.000000</y>
			<z>0.000000</z>
		</NormalizedSize>
		<ColiderType>2</ColiderType>
		<Global>0</Global>
	</Entity>
	<Entity>
		<File>Data/Meshes/Gothic_smallHouse1/smallHouse1.obj</File>
		<Name>smallHouse1.obj</Name>
		<ChildrenCulling >1</ChildrenCulling >
		<Position>
			<x>100.000000</x>
			<y>0.700000</y>
			<z>100.000000</z>
		</Position>
		<AttachYOffset>0.700000</AttachYOffset>
		<Rotation>
			<x>0.000000</x>
			<y>180.000000</y>
			<z>0.000000</z>
		</Rotation>
		<Scale>
			<x>1.000000</x>
			<y>1.000000</y>
			<z>1.000000</z>
		</Scale>
		<NormalizedSize>
			<x>0.000000</x>
			<y>7.000000</y>
			<z>0.000000</z>
		</NormalizedSize>
		<ColiderType>2</ColiderType>
		<Global>0</Global>
		<Entity>
			<File>Data/Meshes/bed1/bed1.obj</File>
			<Name>bed1.obj</Name>
			<ChildrenCulling >1</ChildrenCulling >
			<Position>
				<x>-2.000000</x>
				<y>0.000000</y>
				<z>4.000000</z>
			</Position>
			<AttachYOffset>0.000000</AttachYOffset>
			<Rotation>
				<x>0.000000</x>
				<y>0.000000</y>
				<z>0.000000</z>
			</Rotation>
			<Scale>
				<x>1.000000</x>
				<y>1.000000</y>
				<z>1.000000</z>
			</Scale>
			<NormalizedSize>
				<x>2.000000</x>
				<y>0.000000</y>
				<z>0.000000</z>
			</NormalizedSize>
			<ColiderType>2</ColiderType>
			<Global>0</Global>
		</Entity>
		<Entity>
			<File>Data/Meshes/bench/bench.obj</File>
			<Name>bench.obj</Name>
			<ChildrenCulling >1</ChildrenCulling >
			<Position>
				<x>-5.000000</x>
				<y>-1.000000</y>
				<z>0.000000</z>
			</Position>
			<AttachYOffset>0.000000</AttachYOffset>
			<Rotation>
				<x>0.000000</x>
				<y>90.000000</y>
				<z>0.000000</z>
			</Rotation>
			<Scale>
				<x>2.000000</x>
				<y>2.000000</y>
				<z>2.000000</z>
			</Scale>
			<NormalizedSize>
				<x>2.500000</x>
				<y>0.000000</y>
				<z>0.000000</z>
			</NormalizedSize>
			<ColiderType>2</ColiderType>
			<Global>0</Global>
		</Entity>
		<Entity>
			<File>Data/Meshes/alchemTable/alchemTable.obj</File>
			<Name>alchemTable.obj</Name>
			<ChildrenCulling >1</ChildrenCulling >
			<Position>
				<x>2.000000</x>
				<y>0.000000</y>
				<z>4.000000</z>
			</Position>
			<AttachYOffset>0.000000</AttachYOffset>
			<Rotation>
				<x>0.000000</x>
				<y>0.000000</y>
				<z>0.000000</z>
			</Rotation>
			<Scale>
				<x>1.000000</x>
				<y>1.000000</y>
				<z>1.000000</z>
			</Scale>
			<NormalizedSize>
				<x>0.000000</x>
				<y>1.500000</y>
				<z>0.000000</z>
			</NormalizedSize>
			<ColiderType>2</ColiderType>
			<Global>0</Global>
		</Entity>
		<Entity>
			<File>Data/Meshes/Crate/crate.obj</File>
			<Name>crate.obj</Name>
			<ChildrenCulling >1</ChildrenCulling >
			<Position>
				<x>-6.000000</x>
				<y>0.000000</y>
				<z>-6.000000</z>
			</Position>
			<AttachYOffset>0.000000</AttachYOffset>
			<Rotation>
				<x>0.000000</x>
				<y>45.000000</y>
				<z>0.000000</z>
			</Rotation>
			<Scale>
				<x>1.000000</x>
				<y>1.000000</y>
				<z>1.000000</z>
			</Scale>
			<NormalizedSize>
				<x>0.000000</x>
				<y>1.300000</y>
				<z>0.000000</z>
			</NormalizedSize>
			<ColiderType>2</ColiderType>
			<Global>0</Global>
		</Entity>
		<Entity>
			<File>Data/Meshes/Table1/table1.obj</File>
			<Name>table1.obj</Name>
			<ChildrenCulling >1</ChildrenCulling >
			<Position>
				<x>2.500000</x>
				<y>0.000000</y>
				<z>0.000000</z>
			</Position>
			<AttachYOffset>0.000000</AttachYOffset>
			<Rotation>
				<x>0.000000</x>
				<y>0.000000</y>
				<z>0.000000</z>
			</Rotation>
			<Scale>
				<x>1.000000</x>
				<y>1.000000</y>
				<z>1.000000</z>
			</Scale>
			<NormalizedSize>
				<x>0.000000</x>
				<y>0.000000</y>
				<z>2.500000</z>
			</NormalizedSize>
			<ColiderType>2</ColiderType>
			<Global>0</Global>
		</Entity>
		<Entity>
			<File>Data/Meshes/Crate/crate.obj</File>
			<Name>crate.obj</Name>
			<ChildrenCulling >1</ChildrenCulling >
			<Position>
				<x>-2.500000</x>
				<y>0.000000</y>
				<z>-3.500000</z>
			</Position>
			<AttachYOffset>0.000000</AttachYOffset>
			<Rotation>
				<x>0.000000</x>
				<y>30.000000</y>
				<z>0.000000</z>
			</Rotation>
			<Scale>
				<x>1.000000</x>
				<y>1.000000</y>
				<z>1.000000</z>
			</Scale>
			<NormalizedSize>
				<x>0.000000</x>
				<y>1.000000</y>
				<z>0.000000</z>
			</NormalizedSize>
			<ColiderType>2</ColiderType>
			<Global>0</Global>
		</Entity>
		<Entity>
			<File>Data/Meshes/Crate/crate.obj</File>
			<Name>crate.obj</Name>
			<ChildrenCulling >1</ChildrenCulling >
			<Position>
				<x>-3.000000</x>
				<y>0.000000</y>
				<z>-2.000000</z>
			</Position>
			<AttachYOffset>0.000000</AttachYOffset>
			<Rotation>
				<x>0.000000</x>
				<y>10.000000</y>
				<z>0.000000</z>
			</Rotation>
			<Scale>
				<x>1.000000</x>
				<y>1.000000</y>
				<z>1.000000</z>
			</Scale>
			<NormalizedSize>
				<x>0.000000</x>
				<y>1.200000</y>
				<z>0.000000</z>
			</NormalizedSize>
			<ColiderType>2</ColiderType>
			<Global>0</Global>
		</Entity>
	</Entity>
	<Entity>
		<File>Data/Meshes/Gothic_smallHouse1/smallHouse1.obj</File>
		<Name>smallHouse1.obj</Name>
		<ChildrenCulling >1</ChildrenCulling >
		<Position>
			<x>120.000000</x>
			<y>0.519000</y>
			<z>135.000000</z>
		</Position>
		<AttachYOffset>0.500000</AttachYOffset>
		<Rotation>
			<x>0.000000</x>
			<y>0.000000</y>
			<z>0.000000</z>
		</Rotation>
		<Scale>
			<x>1.000000</x>
			<y>1.000000</y>
			<z>1.000000</z>
		</Scale>
		<NormalizedSize>
			<x>0.000000</x>
			<y>5.000000</y>
			<z>0.000000</z>
		</NormalizedSize>
		<ColiderType>2</ColiderType>
		<Global>0</Global>
		<Entity>
			<File>Data/Meshes/alchemTable/alchemTable.obj</File>
			<Name>alchemTable.obj</Name>
			<ChildrenCulling >1</ChildrenCulling >
			<Position>
				<x>1.500000</x>
				<y>0.156452</y>
				<z>3.500000</z>
			</Position>
			<AttachYOffset>0.000000</AttachYOffset>
			<Rotation>
				<x>0.000000</x>
				<y>180.000000</y>
				<z>0.000000</z>
			</Rotation>
			<Scale>
				<x>1.000000</x>
				<y>1.000000</y>
				<z>1.000000</z>
			</Scale>
			<NormalizedSize>
				<x>0.000000</x>
				<y>1.000000</y>
				<z>0.000000</z>
			</NormalizedSize>
			<ColiderType>2</ColiderType>
			<Global>0</Global>
		</Entity>
	</Entity>
	<Entity>
		<File>Data/Meshes/housestorage1/houseStorage.obj</File>
		<Name>houseStorage.obj</Name>
		<ChildrenCulling >1</ChildrenCulling >
		<Position>
			<x>117.000000</x>
			<y>2.000000</y>
			<z>100.000000</z>
		</Position>
		<AttachYOffset>2.000000</AttachYOffset>
		<Rotation>
			<x>0.000000</x>
			<y>180.000000</y>
			<z>0.000000</z>
		</Rotation>
		<Scale>
			<x>1.000000</x>
			<y>1.000000</y>
			<z>1.000000</z>
		</Scale>
		<NormalizedSize>
			<x>0.000000</x>
			<y>8.000000</y>
			<z>0.000000</z>
		</NormalizedSize>
		<ColiderType>2</ColiderType>
		<Global>0</Global>
		<Entity>
			<File>Data/Meshes/Crate/crate.obj</File>
			<Name>crate.obj</Name>
			<ChildrenCulling >1</ChildrenCulling >
			<Position>
				<x>2.500000</x>
				<y>0.000000</y>
				<z>5.500000</z>
			</Position>
			<AttachYOffset>0.000000</AttachYOffset>
			<Rotation>
				<x>0.000000</x>
				<y>25.000000</y>
				<z>0.000000</z>
			</Rotation>
			<Scale>
				<x>1.000000</x>
				<y>1.000000</y>
				<z>1.000000</z>
			</Scale>
			<NormalizedSize>
				<x>0.000000</x>
				<y>1.500000</y>
				<z>0.000000</z>
			</NormalizedSize>
			<ColiderType>2</ColiderType>
			<Global>0</Global>
		</Entity>
		<Entity>
			<File>Data/Meshes/Crate/crate.obj</File>
			<Name>crate.obj</Name>
			<ChildrenCulling >1</ChildrenCulling >
			<Position>
				<x>-2.500000</x>
				<y>0.000000</y>
				<z>5.500000</z>
			</Position>
			<AttachYOffset>0.000000</AttachYOffset>
			<Rotation>
				<x>0.000000</x>
				<y>-55.000000</y>
				<z>0.000000</z>
			</Rotation>
			<Scale>
				<x>1.000000</x>
				<y>1.000000</y>
				<z>1.000000</z>
			</Scale>
			<NormalizedSize>
				<x>0.000000</x>
				<y>1.500000</y>
				<z>0.000000</z>
			</NormalizedSize>
			<ColiderType>2</ColiderType>
			<Global>0</Global>
		</Entity>
		<Entity>
			<File>Data/Meshes/Crate/crate.obj</File>
			<Name>crate.obj</Name>
			<ChildrenCulling >1</ChildrenCulling >
			<Position>
				<x>0.500000</x>
				<y>0.000000</y>
				<z>5.500000</z>
			</Position>
			<AttachYOffset>0.000000</AttachYOffset>
			<Rotation>
				<x>0.000000</x>
				<y>45.000000</y>
				<z>0.000000</z>
			</Rotation>
			<Scale>
				<x>1.000000</x>
				<y>1.000000</y>
				<z>1.000000</z>
			</Scale>
			<NormalizedSize>
				<x>0.000000</x>
				<y>1.500000</y>
				<z>0.000000</z>
			</NormalizedSize>
			<ColiderType>2</ColiderType>
			<Global>0</Global>
		</Entity>
		<Entity>
			<File>Data/Meshes/Crate/crate.obj</File>
			<Name>crate.obj</Name>
			<ChildrenCulling >1</ChildrenCulling >
			<Position>
				<x>1.500000</x>
				<y>1.500000</y>
				<z>5.500000</z>
			</Position>
			<AttachYOffset>0.000000</AttachYOffset>
			<Rotation>
				<x>0.000000</x>
				<y>15.000000</y>
				<z>0.000000</z>
			</Rotation>
			<Scale>
				<x>1.000000</x>
				<y>1.000000</y>
				<z>1.000000</z>
			</Scale>
			<NormalizedSize>
				<x>0.000000</x>
				<y>1.500000</y>
				<z>0.000000</z>
			</NormalizedSize>
			<ColiderType>2</ColiderType>
			<Global>0</Global>
		</Entity>
		<Entity>
			<File>Data/Meshes/Crate/crate.obj</File>
			<Name>crate.obj</Name>
			<ChildrenCulling >1</ChildrenCulling >
			<Position>
				<x>-1.100000</x>
				<y>1.500000</y>
				<z>5.600000</z>
			</Position>
			<AttachYOffset>0.000000</AttachYOffset>
			<Rotation>
				<x>0.000000</x>
				<y>60.000000</y>
				<z>0.000000</z>
			</Rotation>
			<Scale>
				<x>1.000000</x>
				<y>1.000000</y>
				<z>1.000000</z>
			</Scale>
			<NormalizedSize>
				<x>0.000000</x>
				<y>1.500000</y>
				<z>0.000000</z>
			</NormalizedSize>
			<ColiderType>2</ColiderType>
			<Global>0</Global>
		</Entity>
	</Entity>
	<Entity>
		<File>Data/Meshes/G3_Myrtana_Castle_Mainhouse/G3_Myrtana_Castle_Mainhouse.obj</File>
		<Name>G3_Myrtana_Castle_Mainhouse.obj</Name>
		<ChildrenCulling >1</ChildrenCulling >
		<Position>
			<x>101.000000</x>
			<y>0.723000</y>
			<z>140.000000</z>
		</Position>
		<AttachYOffset>0.723000</AttachYOffset>
		<Rotation>
			<x>0.000000</x>
			<y>180.000000</y>
			<z>0.000000</z>
		</Rotation>
		<Scale>
			<x>1.000000</x>
			<y>1.000000</y>
			<z>1.000000</z>
		</Scale>
		<NormalizedSize>
			<x>0.000000</x>
			<y>8.000000</y>
			<z>0.000000</z>
		</NormalizedSize>
		<ColiderType>2</ColiderType>
		<Global>0</Global>
		<Entity>
			<File>Data/Meshes/Tron1/tron.obj</File>
			<Name>tron.obj</Name>
			<ChildrenCulling >1</ChildrenCulling >
			<Position>
				<x>0.000000</x>
				<y>0.000000</y>
				<z>0.000000</z>
			</Position>
			<AttachYOffset>0.000000</AttachYOffset>
			<Rotation>
				<x>0.000000</x>
				<y>0.000000</y>
				<z>0.000000</z>
			</Rotation>
			<Scale>
				<x>1.000000</x>
				<y>1.000000</y>
				<z>1.000000</z>
			</Scale>
			<NormalizedSize>
				<x>0.000000</x>
				<y>2.000000</y>
				<z>0.000000</z>
			</NormalizedSize>
			<ColiderType>2</ColiderType>
			<Global>0</Global>
		</Entity>
	</Entity>
	<Entity>
		<File>Data/Meshes/GothicWallGate/G3_Myrtana_Castle_Wall_Entrance_01.obj</File>
		<Name>G3_Myrtana_Castle_Wall_Entrance_01.obj</Name>
		<ChildrenCulling >0</ChildrenCulling >
		<Position>
			<x>133.001999</x>
			<y>0.222000</y>
			<z>119.705002</z>
		</Position>
		<AttachYOffset>0.010000</AttachYOffset>
		<Rotation>
			<x>0.000000</x>
			<y>-90.000000</y>
			<z>0.000000</z>
		</Rotation>
		<Scale>
			<x>1.000000</x>
			<y>1.000000</y>
			<z>1.000000</z>
		</Scale>
		<NormalizedSize>
			<x>0.000000</x>
			<y>10.000000</y>
			<z>0.000000</z>
		</NormalizedSize>
		<ColiderType>2</ColiderType>
		<Global>0</Global>
		<Entity>
			<File>Data/Meshes/Wall/G3_Myrtana_Castle_Wall_Straight_01_all.obj</File>
			<Name>G3_Myrtana_Castle_Wall_Straight_01_all.obj</Name>
			<ChildrenCulling >1</ChildrenCulling >
			<Position>
				<x>8.150000</x>
				<y>0.900000</y>
				<z>-0.410000</z>
			</Position>
			<AttachYOffset>0.000000</AttachYOffset>
			<Rotation>
				<x>0.000000</x>
				<y>0.000000</y>
				<z>0.000000</z>
			</Rotation>
			<Scale>
				<x>1.000000</x>
				<y>1.000000</y>
				<z>1.000000</z>
			</Scale>
			<NormalizedSize>
				<x>0.000000</x>
				<y>10.000000</y>
				<z>0.000000</z>
			</NormalizedSize>
			<ColiderType>2</ColiderType>
			<Global>0</Global>
		</Entity>
		<Entity>
			<File>Data/Meshes/Wall/G3_Myrtana_Castle_Wall_Straight_01_all.obj</File>
			<Name>G3_Myrtana_Castle_Wall_Straight_01_all.obj</Name>
			<ChildrenCulling >1</ChildrenCulling >
			<Position>
				<x>16.230000</x>
				<y>0.900000</y>
				<z>-0.410000</z>
			</Position>
			<AttachYOffset>0.000000</AttachYOffset>
			<Rotation>
				<x>0.000000</x>
				<y>0.000000</y>
				<z>0.000000</z>
			</Rotation>
			<Scale>
				<x>1.000000</x>
				<y>1.000000</y>
				<z>1.000000</z>
			</Scale>
			<NormalizedSize>
				<x>0.000000</x>
				<y>10.000000</y>
				<z>0.000000</z>
			</NormalizedSize>
			<ColiderType>2</ColiderType>
			<Global>0</Global>
		</Entity>
		<Entity>
			<File>Data/Meshes/Wall/G3_Myrtana_Castle_Wall_Straight_01_all.obj</File>
			<Name>G3_Myrtana_Castle_Wall_Straight_01_all.obj</Name>
			<ChildrenCulling >1</ChildrenCulling >
			<Position>
				<x>24.309999</x>
				<y>0.900000</y>
				<z>-0.410000</z>
			</Position>
			<AttachYOffset>0.000000</AttachYOffset>
			<Rotation>
				<x>0.000000</x>
				<y>0.000000</y>
				<z>0.000000</z>
			</Rotation>
			<Scale>
				<x>1.000000</x>
				<y>1.000000</y>
				<z>1.000000</z>
			</Scale>
			<NormalizedSize>
				<x>0.000000</x>
				<y>10.000000</y>
				<z>0.000000</z>
			</NormalizedSize>
			<ColiderType>2</ColiderType>
			<Global>0</Global>
		</Entity>
		<Entity>
			<File>Data/Meshes/Wall/G3_Myrtana_Castle_Wall_Straight_01_all.obj</File>
			<Name>G3_Myrtana_Castle_Wall_Straight_01_all.obj</Name>
			<ChildrenCulling >1</ChildrenCulling >
			<Position>
				<x>32.309998</x>
				<y>0.900000</y>
				<z>-0.410000</z>
			</Position>
			<AttachYOffset>0.000000</AttachYOffset>
			<Rotation>
				<x>0.000000</x>
				<y>0.000000</y>
				<z>0.000000</z>
			</Rotation>
			<Scale>
				<x>1.000000</x>
				<y>1.000000</y>
				<z>1.000000</z>
			</Scale>
			<NormalizedSize>
				<x>0.000000</x>
				<y>10.000000</y>
				<z>0.000000</z>
			</NormalizedSize>
			<ColiderType>2</ColiderType>
			<Global>0</Global>
		</Entity>
		<Entity>
			<File>Data/Meshes/Wall/G3_Myrtana_Castle_Wall_Straight_01_all.obj</File>
			<Name>G3_Myrtana_Castle_Wall_Straight_01_all.obj</Name>
			<ChildrenCulling >1</ChildrenCulling >
			<Position>
				<x>-8.060000</x>
				<y>0.900000</y>
				<z>-0.410000</z>
			</Position>
			<AttachYOffset>0.000000</AttachYOffset>
			<Rotation>
				<x>0.000000</x>
				<y>0.000000</y>
				<z>0.000000</z>
			</Rotation>
			<Scale>
				<x>1.000000</x>
				<y>1.000000</y>
				<z>1.000000</z>
			</Scale>
			<NormalizedSize>
				<x>0.000000</x>
				<y>10.000000</y>
				<z>0.000000</z>
			</NormalizedSize>
			<ColiderType>2</ColiderType>
			<Global>0</Global>
		</Entity>
		<Entity>
			<File>Data/Meshes/Wall/G3_Myrtana_Castle_Wall_Straight_01_all.obj</File>
			<Name>G3_Myrtana_Castle_Wall_Straight_01_all.obj</Name>
			<ChildrenCulling >1</ChildrenCulling >
			<Position>
				<x>-32.060001</x>
				<y>0.900000</y>
				<z>-0.410000</z>
			</Position>
			<AttachYOffset>0.000000</AttachYOffset>
			<Rotation>
				<x>0.000000</x>
				<y>0.000000</y>
				<z>0.000000</z>
			</Rotation>
			<Scale>
				<x>1.000000</x>
				<y>1.000000</y>
				<z>1.000000</z>
			</Scale>
			<NormalizedSize>
				<x>0.000000</x>
				<y>10.000000</y>
				<z>0.000000</z>
			</NormalizedSize>
			<ColiderType>2</ColiderType>
			<Global>0</Global>
		</Entity>
		<Entity>
			<File>Data/Meshes/Wall/G3_Myrtana_Castle_Wall_Straight_01_all.obj</File>
			<Name>G3_Myrtana_Castle_Wall_Straight_01_all.obj</Name>
			<ChildrenCulling >1</ChildrenCulling >
			<Position>
				<x>-24.059999</x>
				<y>0.900000</y>
				<z>-0.410000</z>
			</Position>
			<AttachYOffset>0.000000</AttachYOffset>
			<Rotation>
				<x>0.000000</x>
				<y>0.000000</y>
				<z>0.000000</z>
			</Rotation>
			<Scale>
				<x>1.000000</x>
				<y>1.000000</y>
				<z>1.000000</z>
			</Scale>
			<NormalizedSize>
				<x>0.000000</x>
				<y>10.000000</y>
				<z>0.000000</z>
			</NormalizedSize>
			<ColiderType>2</ColiderType>
			<Global>0</Global>
		</Entity>
		<Entity>
			<File>Data/Meshes/Wall/G3_Myrtana_Castle_Wall_Straight_01_all.obj</File>
			<Name>G3_Myrtana_Castle_Wall_Straight_01_all.obj</Name>
			<ChildrenCulling >1</ChildrenCulling >
			<Position>
				<x>-16.059999</x>
				<y>0.900000</y>
				<z>-0.410000</z>
			</Position>
			<AttachYOffset>0.000000</AttachYOffset>
			<Rotation>
				<x>0.000000</x>
				<y>0.000000</y>
				<z>0.000000</z>
			</Rotation>
			<Scale>
				<x>1.000000</x>
				<y>1.000000</y>
				<z>1.000000</z>
			</Scale>
			<NormalizedSize>
				<x>0.000000</x>
				<y>10.000000</y>
				<z>0.000000</z>
			</NormalizedSize>
			<ColiderType>2</ColiderType>
			<Global>0</Global>
		</Entity>
		<Entity>
			<File>Data/Meshes/Wall/G3_Myrtana_Castle_Wall_Straight_01_all.obj</File>
			<Name>G3_Myrtana_Castle_Wall_Straight_01_all.obj</Name>
			<ChildrenCulling >1</ChildrenCulling >
			<Position>
				<x>-40.059998</x>
				<y>0.900000</y>
				<z>-0.410000</z>
			</Position>
			<AttachYOffset>0.000000</AttachYOffset>
			<Rotation>
				<x>0.000000</x>
				<y>0.000000</y>
				<z>0.000000</z>
			</Rotation>
			<Scale>
				<x>1.000000</x>
				<y>1.000000</y>
				<z>1.000000</z>
			</Scale>
			<NormalizedSize>
				<x>0.000000</x>
				<y>10.000000</y>
				<z>0.000000</z>
			</NormalizedSize>
			<ColiderType>2</ColiderType>
			<Global>0</Global>
		</Entity>
		<Entity>
			<File>Data/Meshes/Wall/G3_Myrtana_Castle_Wall_Straight_01_all.obj</File>
			<Name>G3_Myrtana_Castle_Wall_Straight_01_all.obj</Name>
			<ChildrenCulling >1</ChildrenCulling >
			<Position>
				<x>-48.060001</x>
				<y>0.900000</y>
				<z>-0.410000</z>
			</Position>
			<AttachYOffset>0.000000</AttachYOffset>
			<Rotation>
				<x>0.000000</x>
				<y>0.000000</y>
				<z>0.000000</z>
			</Rotation>
			<Scale>
				<x>1.000000</x>
				<y>1.000000</y>
				<z>1.000000</z>
			</Scale>
			<NormalizedSize>
				<x>0.000000</x>
				<y>10.000000</y>
				<z>0.000000</z>
			</NormalizedSize>
			<ColiderType>2</ColiderType>
			<Global>0</Global>
		</Entity>
		<Entity>
			<File>Data/Meshes/Wall/G3_Myrtana_Castle_Wall_Straight_01_all.obj</File>
			<Name>G3_Myrtana_Castle_Wall_Straight_01_all.obj</Name>
			<ChildrenCulling >1</ChildrenCulling >
			<Position>
				<x>-56.060001</x>
				<y>0.900000</y>
				<z>-0.410000</z>
			</Position>
			<AttachYOffset>0.000000</AttachYOffset>
			<Rotation>
				<x>0.000000</x>
				<y>0.000000</y>
				<z>0.000000</z>
			</Rotation>
			<Scale>
				<x>1.000000</x>
				<y>1.000000</y>
				<z>1.000000</z>
			</Scale>
			<NormalizedSize>
				<x>0.000000</x>
				<y>10.000000</y>
				<z>0.000000</z>
			</NormalizedSize>
			<ColiderType>2</ColiderType>
			<Global>0</Global>
		</Entity>
	</Entity>
</Map>

